[Licensing::Module] Trying to connect to existing licensing client channel...
Built from '6000.3/staging' branch; Version is '6000.3.11f1 (3000ef702840) revision 3145967'; Using compiler version '194234433'; Build Type 'Release'
[Licensing::IpcConnector] Successfully connected to: "LicenseClient-oliwo" at "2026-04-21T14:29:31.4670052Z"
OS: 'Windows 11  (10.0.26200) Core' Language: 'en' Physical Memory: 16046 MB
BatchMode: 1, IsHumanControllingUs: 0, StartBugReporterOnCrash: 0, Is64bit: 1
System  architecture: x64
Process architecture: x64
Date: 2026-04-21T14:29:31Z

COMMAND LINE ARGUMENTS:
C:\Program Files\Unity\Hub\Editor\6000.3.11f1\Editor\Unity.exe
-adb2
-batchMode
-noUpm
-name
AssetImportWorker4
-projectPath
C:/Users/oliwo/OneDrive/Documents/GitHub/UnnamedSpaceGame/ProjectFile
-logFile
Logs/AssetImportWorker4.log
-srvPort
64047
-licensingIpc
LicenseClient-oliwo
-job-worker-count
5
-background-job-worker-count
8
-gc-helper-count
1
-name
AssetImport
Successfully changed project path to: C:/Users/oliwo/OneDrive/Documents/GitHub/UnnamedSpaceGame/ProjectFile
C:/Users/oliwo/OneDrive/Documents/GitHub/UnnamedSpaceGame/ProjectFile
[UnityMemory] Configuration Parameters - Can be set up in boot.config
    "memorysetup-temp-allocator-size-nav-mesh-worker=65536"
    "memorysetup-temp-allocator-size-audio-worker=65536"
    "memorysetup-temp-allocator-size-gfx=262144"
    "memorysetup-allocator-temp-initial-block-size-main=262144"
    "memorysetup-allocator-temp-initial-block-size-worker=262144"
    "memorysetup-temp-allocator-size-background-worker=32768"
    "memorysetup-temp-allocator-size-job-worker=262144"
    "memorysetup-temp-allocator-size-preload-manager=33554432"
    "memorysetup-temp-allocator-size-gi-baking-worker=262144"
    "memorysetup-temp-allocator-size-gi-baking-worker=262144"
    "memorysetup-temp-allocator-size-gi-baking-worker=262144"
    "memorysetup-temp-allocator-size-gi-baking-worker=262144"
    "memorysetup-temp-allocator-size-gi-baking-worker=262144"
    "memorysetup-bucket-allocator-granularity=16"
    "memorysetup-bucket-allocator-bucket-count=8"
    "memorysetup-bucket-allocator-block-size=33554432"
    "memorysetup-bucket-allocator-block-count=8"
    "memorysetup-main-allocator-block-size=16777216"
    "memorysetup-thread-allocator-block-size=16777216"
    "memorysetup-gfx-main-allocator-block-size=16777216"
    "memorysetup-gfx-thread-allocator-block-size=16777216"
    "memorysetup-cache-allocator-block-size=4194304"
    "memorysetup-typetree-allocator-block-size=2097152"
    "memorysetup-profiler-bucket-allocator-granularity=16"
    "memorysetup-profiler-bucket-allocator-bucket-count=8"
    "memorysetup-profiler-bucket-allocator-block-size=33554432"
    "memorysetup-profiler-bucket-allocator-block-count=8"
    "memorysetup-profiler-allocator-block-size=16777216"
    "memorysetup-profiler-editor-allocator-block-size=1048576"
    "memorysetup-temp-allocator-size-main=16777216"
    "memorysetup-job-temp-allocator-block-size=2097152"
    "memorysetup-job-temp-allocator-block-size-background=1048576"
    "memorysetup-job-temp-allocator-reduction-small-platforms=262144"
    "memorysetup-temp-allocator-size-cloud-worker=32768"
Player connection [14308]  Target information:

Player connection [14308]  * "[IP] 192.168.0.132 [Port] 0 [Flags] 2 [Guid] 2139945991 [EditorId] 2139945991 [Version] 1048832 [Id] WindowsEditor(7,OliLaptop) [Debug] 1 [PackageName] WindowsEditor [ProjectName] Editor" 

Player connection [14308] Host joined multi-casting on [225.0.0.222:54997]...
Player connection [14308] Host joined alternative multi-casting on [225.0.0.222:34997]...
JobSystem: Creating JobQueue using job-worker-count value 5
Input System module state changed to: Initialized.
[Physics::Module] Initialized fallback backend.
[Physics::Module] Id: 0xdecafbad
Library Redirect Path: Library/
[Physics::Module] Selected backend.
[Physics::Module] Name: PhysX
[Physics::Module] Id: 0xf2b8ea05
[Physics::Module] SDK Version: 4.1.2
[Physics::Module] Integration Version: 1.0.0
[Physics::Module] Threading Mode: Multi-Threaded
Refreshing native plugins compatible for Editor in 170.91 ms, found 3 plugins.
Preloading 0 native plugins for Editor in 0.00 ms.
Initialize engine version: 6000.3.11f1 (3000ef702840)
[Subsystems] Discovering subsystems at path C:/Program Files/Unity/Hub/Editor/6000.3.11f1/Editor/Data/Resources/UnitySubsystems
[Subsystems] Discovering subsystems at path C:/Users/oliwo/OneDrive/Documents/GitHub/UnnamedSpaceGame/ProjectFile/Assets
GfxDevice: creating device client; kGfxThreadingModeNonThreaded
Direct3D:
    Version:  Direct3D 11.0 [level 11.1]
    Renderer: Intel(R) Graphics (ID=0xa7ac)
    Vendor:   Intel
    VRAM:     8023 MB
    Driver:   32.0.101.5768
Initialize mono
Mono path[0] = 'C:/Program Files/Unity/Hub/Editor/6000.3.11f1/Editor/Data/Managed'
Mono path[1] = 'C:/Program Files/Unity/Hub/Editor/6000.3.11f1/Editor/Data/MonoBleedingEdge/lib/mono/unityjit-win32'
Mono config path = 'C:/Program Files/Unity/Hub/Editor/6000.3.11f1/Editor/Data/MonoBleedingEdge/etc'
Using monoOptions --debugger-agent=transport=dt_socket,embedding=1,server=y,suspend=n,address=127.0.0.1:56332
[Licensing::Client] Error: HandshakeResponse reported an error:
	ResponseCode: 505
	ResponseStatus: Unsupported protocol version '1.18.0'.
[Licensing::Module] Error: Failed to handshake to channel: "LicenseClient-oliwo"
[Licensing::IpcConnector] LicenseClient-oliwo channel disconnected successfully.
[Licensing::IpcConnector] Successfully connected to: "LicenseClient-oliwo-6000.3.11" at "2026-04-21T14:29:34.5018318Z"
Begin MonoManager ReloadAssembly
[Licensing::Client] Handshaking with LicensingClient:
  Version:                 1.18.0+23225a6
  Session Id:              10f1fe25be6c48e6a353930ac6409999
  Correlation Id:          6653e1bd439a35895991046231bf5f73
  External correlation Id: 6411180227267273673
  Machine Id:              puA4uZmMrKOytnENOMZNXgdrbnc=
[Licensing::Module] Successfully connected to LicensingClient on channel: "LicenseClient-oliwo-6000.3.11" (connect: 0.00s, validation: 0.00s, handshake: 0.26s)
[Licensing::IpcConnector] Successfully connected to: "LicenseClient-oliwo-6000.3.11-notifications" at "2026-04-21T14:29:34.766582Z"
[Licensing::Module] Licensing Background thread has ended after 3.30s
Registering precompiled unity dll's ...
Register platform support module: C:/Program Files/Unity/Hub/Editor/6000.3.11f1/Editor/Data/PlaybackEngines/WindowsStandaloneSupport/UnityEditor.WindowsStandalone.Extensions.dll
Registered in 0.608972 seconds.
- Loaded All Assemblies, in 64.033 seconds
Native extension for WindowsStandalone target not found
Package Manager log level set to [2]
[Package Manager] Failed to launch server process. Reason: Unity was launched with the -noUpm command-line argument
[Package Manager] Unable to send message (not connected to server process).
[Package Manager] Cannot connect to Unity Package Manager local server
ScheduleIndexationOnStartup MainProcess:False IndexOnStartup:True
Mono: successfully reloaded assembly
- Finished resetting the current domain, in  0.675 seconds
Domain Reload Profiling: 64707ms
	BeginReloadAssembly (54844ms)
		ExecutionOrderSort (0ms)
		DisableScriptedObjects (0ms)
		BackupInstance (0ms)
		ReleaseScriptingObjects (0ms)
		CreateAndSetChildDomain (1ms)
	RebuildCommonClasses (2144ms)
	RebuildNativeTypeToScriptingClass (20ms)
	initialDomainReloadingComplete (729ms)
	LoadAllAssembliesAndSetupDomain (6294ms)
		LoadAssemblies (54841ms)
		RebuildTransferFunctionScriptingTraits (0ms)
		AnalyzeDomain (6289ms)
			TypeCache.Refresh (6285ms)
				TypeCache.ScanAssembly (4661ms)
			BuildScriptInfoCaches (0ms)
			ResolveRequiredComponents (1ms)
	FinalizeReload (676ms)
		ReleaseScriptCaches (0ms)
		RebuildScriptCaches (0ms)
		SetupLoadedEditorAssemblies (608ms)
			LogAssemblyErrors (0ms)
			InitializePlatformSupportModulesInManaged (72ms)
			SetLoadedEditorAssemblies (6ms)
			BeforeProcessingInitializeOnLoad (110ms)
			ProcessInitializeOnLoadAttributes (255ms)
			ProcessInitializeOnLoadMethodAttributes (164ms)
			AfterProcessingInitializeOnLoad (0ms)
			EditorAssembliesLoaded (0ms)
		ExecutionOrderSort2 (0ms)
		AwakeInstancesAfterBackupRestoration (0ms)
========================================================================
Worker process is ready to serve import requests
Import Worker Mode flag is 0x00
Begin MonoManager ReloadAssembly
[Licensing::Client] Successfully resolved entitlement details
[Licensing::Module] License group:
  Id: 5773633941524-UnityPersXXXX
  Product: Unity Personal
  Type: Assigned
  Expiration: Unlimited
- Loaded All Assemblies, in 35.768 seconds
Refreshing native plugins compatible for Editor in 1.06 ms, found 3 plugins.
Native extension for WindowsStandalone target not found
[Package Manager] Failed to launch server process. Reason: Unity was launched with the -noUpm command-line argument
[Package Manager] Unable to send message (not connected to server process).
[Package Manager] Cannot connect to Unity Package Manager local server
[Package Manager] Failed to launch server process. Reason: Unity was launched with the -noUpm command-line argument
[Package Manager] Unable to send message (not connected to server process).
[Package Manager] Cannot connect to Unity Package Manager local server
ScheduleIndexationOnStartup MainProcess:False IndexOnStartup:True
Mono: successfully reloaded assembly
- Finished resetting the current domain, in  1.394 seconds
Domain Reload Profiling: 37146ms
	BeginReloadAssembly (258ms)
		ExecutionOrderSort (0ms)
		DisableScriptedObjects (10ms)
		BackupInstance (0ms)
		ReleaseScriptingObjects (0ms)
		CreateAndSetChildDomain (33ms)
	RebuildCommonClasses (51ms)
	RebuildNativeTypeToScriptingClass (20ms)
	initialDomainReloadingComplete (51ms)
	LoadAllAssembliesAndSetupDomain (35372ms)
		LoadAssemblies (33599ms)
		RebuildTransferFunctionScriptingTraits (0ms)
		AnalyzeDomain (1922ms)
			TypeCache.Refresh (1830ms)
				TypeCache.ScanAssembly (1807ms)
			BuildScriptInfoCaches (78ms)
			ResolveRequiredComponents (8ms)
	FinalizeReload (1394ms)
		ReleaseScriptCaches (0ms)
		RebuildScriptCaches (0ms)
		SetupLoadedEditorAssemblies (1233ms)
			LogAssemblyErrors (0ms)
			InitializePlatformSupportModulesInManaged (2ms)
			SetLoadedEditorAssemblies (5ms)
			BeforeProcessingInitializeOnLoad (154ms)
			ProcessInitializeOnLoadAttributes (1005ms)
			ProcessInitializeOnLoadMethodAttributes (60ms)
			AfterProcessingInitializeOnLoad (6ms)
			EditorAssembliesLoaded (0ms)
		ExecutionOrderSort2 (0ms)
		AwakeInstancesAfterBackupRestoration (8ms)
Launched and connected shader compiler UnityShaderCompiler.exe after 0.05 seconds
Refreshing native plugins compatible for Editor in 1.57 ms, found 3 plugins.
Preloading 0 native plugins for Editor in 0.00 ms.
Unloading 0 Unused Serialized files (Serialized files now loaded: 0)
Unloading 3535 unused Assets / (1.3 MB). Loaded Objects now: 4150.
Memory consumption went from 104.0 MB to 102.7 MB.
Total: 10.490900 ms (FindLiveObjects: 0.370600 ms CreateObjectMapping: 0.610800 ms MarkObjects: 8.027000 ms  DeleteObjects: 1.480600 ms)

========================================================================
Received Import Request.
  Time since last request: 507799.821178 seconds.
  path: Assets/Objects/ControlPanel1-GM.fbx
  artifactKey: Guid(d3def6eed0b4b2848b93bcce4ac1cf1d) Importer(815301076,1909f56bfc062723c751e8b465ee728b)
Start importing Assets/Objects/ControlPanel1-GM.fbx using Guid(d3def6eed0b4b2848b93bcce4ac1cf1d) Importer(815301076,1909f56bfc062723c751e8b465ee728b) (PreviewImporter) -> (artifact id: '421036302e82efca4b204abdef168f3f') in 3.078145 seconds
Number of updated asset objects reloaded before import = 0Number of asset objects unloaded after import = 572

========================================================================
Received Import Request.
  Time since last request: 243.111360 seconds.
  path: Assets/Textures/Character/GargLo.mat
  artifactKey: Guid(e53769cc042107943b781faac3d70a59) Importer(815301076,1909f56bfc062723c751e8b465ee728b)
Start importing Assets/Textures/Character/GargLo.mat using Guid(e53769cc042107943b781faac3d70a59) Importer(815301076,1909f56bfc062723c751e8b465ee728b) (PreviewImporter) -> (artifact id: 'b0a105cde5fe674bb40ead9a2e7107c3') in 0.1289253 seconds
Number of updated asset objects reloaded before import = 0Number of asset objects unloaded after import = 1

========================================================================
Received Import Request.
  Time since last request: 0.810476 seconds.
  path: Assets/Textures/Character/GargLo.mat
  artifactKey: Guid(e53769cc042107943b781faac3d70a59) Importer(2089858483,b0f066a214c2f5e87bad3c948f4d605d)
Start importing Assets/Textures/Character/GargLo.mat using Guid(e53769cc042107943b781faac3d70a59) Importer(2089858483,b0f066a214c2f5e87bad3c948f4d605d) (ScriptedImporter) -> (artifact id: '03bb0491165ece68e16ec657d11b746b') in 0.1504584 seconds
Number of updated asset objects reloaded before import = 0Number of asset objects unloaded after import = 1

========================================================================
Received Import Request.
  Time since last request: 31.964716 seconds.
  path: Assets/Textures/Fox/FoxMaterial.mat
  artifactKey: Guid(046640e63146fab4b90afa6e6dea922d) Importer(815301076,1909f56bfc062723c751e8b465ee728b)
Start importing Assets/Textures/Fox/FoxMaterial.mat using Guid(046640e63146fab4b90afa6e6dea922d) Importer(815301076,1909f56bfc062723c751e8b465ee728b) (PreviewImporter) -> (artifact id: '5924ca5633670110433e397164882fa9') in 0.0463018 seconds
Number of updated asset objects reloaded before import = 0Number of asset objects unloaded after import = 1

========================================================================
Received Import Request.
  Time since last request: 0.893316 seconds.
  path: Assets/Textures/Fox/FoxMaterial.mat
  artifactKey: Guid(046640e63146fab4b90afa6e6dea922d) Importer(2089858483,b0f066a214c2f5e87bad3c948f4d605d)
Start importing Assets/Textures/Fox/FoxMaterial.mat using Guid(046640e63146fab4b90afa6e6dea922d) Importer(2089858483,b0f066a214c2f5e87bad3c948f4d605d) (ScriptedImporter) -> (artifact id: 'fb1f4d8a487c7d6d6be4fd7bc8acf302') in 0.0427423 seconds
Number of updated asset objects reloaded before import = 0Number of asset objects unloaded after import = 1

========================================================================
Received Import Request.
  Time since last request: 52.126717 seconds.
  path: Assets/Textures/Fox/FoxMaterial.mat
  artifactKey: Guid(046640e63146fab4b90afa6e6dea922d) Importer(815301076,1909f56bfc062723c751e8b465ee728b)
Start importing Assets/Textures/Fox/FoxMaterial.mat using Guid(046640e63146fab4b90afa6e6dea922d) Importer(815301076,1909f56bfc062723c751e8b465ee728b) (PreviewImporter) -> (artifact id: 'bf61719f31a244be2d868c4d039d0683') in 0.0570657 seconds
Number of updated asset objects reloaded before import = 0Number of asset objects unloaded after import = 3

========================================================================
Received Import Request.
  Time since last request: 0.899920 seconds.
  path: Assets/Textures/Character/GargLo.mat
  artifactKey: Guid(e53769cc042107943b781faac3d70a59) Importer(2089858483,b0f066a214c2f5e87bad3c948f4d605d)
Start importing Assets/Textures/Character/GargLo.mat using Guid(e53769cc042107943b781faac3d70a59) Importer(2089858483,b0f066a214c2f5e87bad3c948f4d605d) (ScriptedImporter) -> (artifact id: 'daffbf3d00ed4c29858972f0dd3ac81c') in 0.0699251 seconds
Number of updated asset objects reloaded before import = 0Number of asset objects unloaded after import = 3

========================================================================
Received Import Request.
  Time since last request: 182.453175 seconds.
  path: Assets/Scenes/SampleScene.unity
  artifactKey: Guid(9fc0d4010bbf28b4594072e72b8655ab) Importer(2089858483,b0f066a214c2f5e87bad3c948f4d605d)
Start importing Assets/Scenes/SampleScene.unity using Guid(9fc0d4010bbf28b4594072e72b8655ab) Importer(2089858483,b0f066a214c2f5e87bad3c948f4d605d) (ScriptedImporter) -> (artifact id: '78ac9a56b77a5bee2c99366bf4b11dbb') in 0.0593592 seconds
Number of updated asset objects reloaded before import = 0Number of asset objects unloaded after import = 1

========================================================================
Received Import Request.
  Time since last request: 24.725680 seconds.
  path: Assets/Textures/Vulture/VultureMaterial.mat
  artifactKey: Guid(e32069553b86c3743a9540e1d03002e5) Importer(815301076,1909f56bfc062723c751e8b465ee728b)
Start importing Assets/Textures/Vulture/VultureMaterial.mat using Guid(e32069553b86c3743a9540e1d03002e5) Importer(815301076,1909f56bfc062723c751e8b465ee728b) (PreviewImporter) -> (artifact id: 'cc955c18c168c938df221d3ace877036') in 0.0351516 seconds
Number of updated asset objects reloaded before import = 0Number of asset objects unloaded after import = 1

========================================================================
Received Import Request.
  Time since last request: 0.916064 seconds.
  path: Assets/Textures/Vulture/VultureMaterial.mat
  artifactKey: Guid(e32069553b86c3743a9540e1d03002e5) Importer(2089858483,b0f066a214c2f5e87bad3c948f4d605d)
Start importing Assets/Textures/Vulture/VultureMaterial.mat using Guid(e32069553b86c3743a9540e1d03002e5) Importer(2089858483,b0f066a214c2f5e87bad3c948f4d605d) (ScriptedImporter) -> (artifact id: '300556c4c2064b9e5f7be9165f241036') in 0.048102 seconds
Number of updated asset objects reloaded before import = 0Number of asset objects unloaded after import = 1

========================================================================
Received Import Request.
  Time since last request: 15.669279 seconds.
  path: Assets/Textures/Vulture/VultureMaterial.mat
  artifactKey: Guid(e32069553b86c3743a9540e1d03002e5) Importer(815301076,1909f56bfc062723c751e8b465ee728b)
Start importing Assets/Textures/Vulture/VultureMaterial.mat using Guid(e32069553b86c3743a9540e1d03002e5) Importer(815301076,1909f56bfc062723c751e8b465ee728b) (PreviewImporter) -> (artifact id: 'd64c3626a4ffa115f8715990e9fa145b') in 0.0609984 seconds
Number of updated asset objects reloaded before import = 0Number of asset objects unloaded after import = 3

========================================================================
Received Import Request.
  Time since last request: 0.838489 seconds.
  path: Assets/Textures/Vulture/VultureMaterial.mat
  artifactKey: Guid(e32069553b86c3743a9540e1d03002e5) Importer(2089858483,b0f066a214c2f5e87bad3c948f4d605d)
Start importing Assets/Textures/Vulture/VultureMaterial.mat using Guid(e32069553b86c3743a9540e1d03002e5) Importer(2089858483,b0f066a214c2f5e87bad3c948f4d605d) (ScriptedImporter) -> (artifact id: '823677d16f70e5606d19bb7816e8cda4') in 0.0669078 seconds
Number of updated asset objects reloaded before import = 0Number of asset objects unloaded after import = 3

========================================================================
Received Import Request.
  Time since last request: 14.288229 seconds.
  path: Assets/Textures/Owl/OwlMaterial.mat
  artifactKey: Guid(f38c30e50c2c76b499ad73aad0ab0339) Importer(815301076,1909f56bfc062723c751e8b465ee728b)
Start importing Assets/Textures/Owl/OwlMaterial.mat using Guid(f38c30e50c2c76b499ad73aad0ab0339) Importer(815301076,1909f56bfc062723c751e8b465ee728b) (PreviewImporter) -> (artifact id: '12518480df00a4a7315d6a76295168cd') in 0.0394611 seconds
Number of updated asset objects reloaded before import = 0Number of asset objects unloaded after import = 1

========================================================================
Received Import Request.
  Time since last request: 0.918447 seconds.
  path: Assets/Textures/Owl/OwlMaterial.mat
  artifactKey: Guid(f38c30e50c2c76b499ad73aad0ab0339) Importer(2089858483,b0f066a214c2f5e87bad3c948f4d605d)
Start importing Assets/Textures/Owl/OwlMaterial.mat using Guid(f38c30e50c2c76b499ad73aad0ab0339) Importer(2089858483,b0f066a214c2f5e87bad3c948f4d605d) (ScriptedImporter) -> (artifact id: '37737d88f961459e9680a048d261b944') in 0.0545014 seconds
Number of updated asset objects reloaded before import = 0Number of asset objects unloaded after import = 1

========================================================================
Received Import Request.
  Time since last request: 7.235385 seconds.
  path: Assets/Textures/Owl/owlo_DefaultMaterial_Normal.png
  artifactKey: Guid(db9ed54f82e02d742972844b6650f9b0) Importer(815301076,1909f56bfc062723c751e8b465ee728b)
Start importing Assets/Textures/Owl/owlo_DefaultMaterial_Normal.png using Guid(db9ed54f82e02d742972844b6650f9b0) Importer(815301076,1909f56bfc062723c751e8b465ee728b) (PreviewImporter) -> (artifact id: 'e9d256f4ab78f3e1c4e79ba422a37b6c') in 0.1167202 seconds
Number of updated asset objects reloaded before import = 0Number of asset objects unloaded after import = 2

========================================================================
Received Import Request.
  Time since last request: 0.828348 seconds.
  path: Assets/Textures/Owl/owlo_DefaultMaterial_Normal.png
  artifactKey: Guid(db9ed54f82e02d742972844b6650f9b0) Importer(2089858483,b0f066a214c2f5e87bad3c948f4d605d)
Start importing Assets/Textures/Owl/owlo_DefaultMaterial_Normal.png using Guid(db9ed54f82e02d742972844b6650f9b0) Importer(2089858483,b0f066a214c2f5e87bad3c948f4d605d) (ScriptedImporter) -> (artifact id: 'f57f52c841776d82c051157986b1a638') in 0.1180704 seconds
Number of updated asset objects reloaded before import = 0Number of asset objects unloaded after import = 1

========================================================================
Received Import Request.
  Time since last request: 8.775351 seconds.
  path: Assets/Textures/Vulture/Vulture_DefaultMaterial_Normal.png
  artifactKey: Guid(9a678ca58d3312843863b3b9f5f8440f) Importer(815301076,1909f56bfc062723c751e8b465ee728b)
Start importing Assets/Textures/Vulture/Vulture_DefaultMaterial_Normal.png using Guid(9a678ca58d3312843863b3b9f5f8440f) Importer(815301076,1909f56bfc062723c751e8b465ee728b) (PreviewImporter) -> (artifact id: '3d492512f3670222ff2c2224e75d6e50') in 0.0720965 seconds
Number of updated asset objects reloaded before import = 0Number of asset objects unloaded after import = 2

========================================================================
Received Import Request.
  Time since last request: 0.890734 seconds.
  path: Assets/Textures/Vulture/Vulture_DefaultMaterial_Normal.png
  artifactKey: Guid(9a678ca58d3312843863b3b9f5f8440f) Importer(2089858483,b0f066a214c2f5e87bad3c948f4d605d)
Start importing Assets/Textures/Vulture/Vulture_DefaultMaterial_Normal.png using Guid(9a678ca58d3312843863b3b9f5f8440f) Importer(2089858483,b0f066a214c2f5e87bad3c948f4d605d) (ScriptedImporter) -> (artifact id: '1974aebd43590eb436c65764ad7e250d') in 0.0548521 seconds
Number of updated asset objects reloaded before import = 0Number of asset objects unloaded after import = 1

========================================================================
Received Import Request.
  Time since last request: 8.931871 seconds.
  path: Assets/Textures/Fox/Foxlo_DefaultMaterial_Normal.png
  artifactKey: Guid(4c55771019d4e314ab025dd2fef6bd79) Importer(815301076,1909f56bfc062723c751e8b465ee728b)
Start importing Assets/Textures/Fox/Foxlo_DefaultMaterial_Normal.png using Guid(4c55771019d4e314ab025dd2fef6bd79) Importer(815301076,1909f56bfc062723c751e8b465ee728b) (PreviewImporter) -> (artifact id: '6bef398a331b97b71d7675640fe7fbb2') in 0.0943759 seconds
Number of updated asset objects reloaded before import = 0Number of asset objects unloaded after import = 2

========================================================================
Received Import Request.
  Time since last request: 0.871331 seconds.
  path: Assets/Textures/Fox/Foxlo_DefaultMaterial_Normal.png
  artifactKey: Guid(4c55771019d4e314ab025dd2fef6bd79) Importer(2089858483,b0f066a214c2f5e87bad3c948f4d605d)
Start importing Assets/Textures/Fox/Foxlo_DefaultMaterial_Normal.png using Guid(4c55771019d4e314ab025dd2fef6bd79) Importer(2089858483,b0f066a214c2f5e87bad3c948f4d605d) (ScriptedImporter) -> (artifact id: 'c945ef96299441014c1eaaca88f09804') in 0.0529711 seconds
Number of updated asset objects reloaded before import = 0Number of asset objects unloaded after import = 1

========================================================================
Received Import Request.
  Time since last request: 2.000962 seconds.
  path: Assets/Textures/Owl/OwlMaterial.mat
  artifactKey: Guid(f38c30e50c2c76b499ad73aad0ab0339) Importer(2089858483,b0f066a214c2f5e87bad3c948f4d605d)
Start importing Assets/Textures/Owl/OwlMaterial.mat using Guid(f38c30e50c2c76b499ad73aad0ab0339) Importer(2089858483,b0f066a214c2f5e87bad3c948f4d605d) (ScriptedImporter) -> (artifact id: 'dd2be945a50ec58254f054b1a4a820af') in 0.1084442 seconds
Number of updated asset objects reloaded before import = 0Number of asset objects unloaded after import = 3

========================================================================
Received Import Request.
  Time since last request: 12.352130 seconds.
  path: Assets/Textures/Rabbit/RabbitMaterial.mat
  artifactKey: Guid(885081b44cb8f784b8ed40f7971cb670) Importer(815301076,1909f56bfc062723c751e8b465ee728b)
Start importing Assets/Textures/Rabbit/RabbitMaterial.mat using Guid(885081b44cb8f784b8ed40f7971cb670) Importer(815301076,1909f56bfc062723c751e8b465ee728b) (PreviewImporter) -> (artifact id: 'a77439cca1f0c69e76b9659a9eca15d4') in 0.0497868 seconds
Number of updated asset objects reloaded before import = 0Number of asset objects unloaded after import = 1

========================================================================
Received Import Request.
  Time since last request: 0.933984 seconds.
  path: Assets/Textures/Rabbit/RabbitMaterial.mat
  artifactKey: Guid(885081b44cb8f784b8ed40f7971cb670) Importer(2089858483,b0f066a214c2f5e87bad3c948f4d605d)
Start importing Assets/Textures/Rabbit/RabbitMaterial.mat using Guid(885081b44cb8f784b8ed40f7971cb670) Importer(2089858483,b0f066a214c2f5e87bad3c948f4d605d) (ScriptedImporter) -> (artifact id: 'eeb060459a4ece7fe33bf9e1e654c9c1') in 0.0556647 seconds
Number of updated asset objects reloaded before import = 0Number of asset objects unloaded after import = 1

========================================================================
Received Import Request.
  Time since last request: 5.628445 seconds.
  path: Assets/Textures/Rabbit/Rabbit_DefaultMaterial_Normal.png
  artifactKey: Guid(b136c35d3322efa4884e94f1a0c5cdd3) Importer(815301076,1909f56bfc062723c751e8b465ee728b)
Start importing Assets/Textures/Rabbit/Rabbit_DefaultMaterial_Normal.png using Guid(b136c35d3322efa4884e94f1a0c5cdd3) Importer(815301076,1909f56bfc062723c751e8b465ee728b) (PreviewImporter) -> (artifact id: '12763c99b7cd8a964ea0ec09d1316694') in 0.0517487 seconds
Number of updated asset objects reloaded before import = 0Number of asset objects unloaded after import = 2

========================================================================
Received Import Request.
  Time since last request: 0.930970 seconds.
  path: Assets/Textures/Rabbit/Rabbit_DefaultMaterial_Normal.png
  artifactKey: Guid(b136c35d3322efa4884e94f1a0c5cdd3) Importer(2089858483,b0f066a214c2f5e87bad3c948f4d605d)
Start importing Assets/Textures/Rabbit/Rabbit_DefaultMaterial_Normal.png using Guid(b136c35d3322efa4884e94f1a0c5cdd3) Importer(2089858483,b0f066a214c2f5e87bad3c948f4d605d) (ScriptedImporter) -> (artifact id: '1ba176604890dc653569c59900e0db05') in 0.0450419 seconds
Number of updated asset objects reloaded before import = 0Number of asset objects unloaded after import = 1

========================================================================
Received Import Request.
  Time since last request: 15.108704 seconds.
  path: Assets/Textures/Rabbit/RabbitMaterial.mat
  artifactKey: Guid(885081b44cb8f784b8ed40f7971cb670) Importer(815301076,1909f56bfc062723c751e8b465ee728b)
Start importing Assets/Textures/Rabbit/RabbitMaterial.mat using Guid(885081b44cb8f784b8ed40f7971cb670) Importer(815301076,1909f56bfc062723c751e8b465ee728b) (PreviewImporter) -> (artifact id: 'bc60f339f5c588431b71d5723e8313df') in 0.0601081 seconds
Number of updated asset objects reloaded before import = 0Number of asset objects unloaded after import = 3

========================================================================
Received Import Request.
  Time since last request: 0.875448 seconds.
  path: Assets/Textures/Rabbit/RabbitMaterial.mat
  artifactKey: Guid(885081b44cb8f784b8ed40f7971cb670) Importer(2089858483,b0f066a214c2f5e87bad3c948f4d605d)
Start importing Assets/Textures/Rabbit/RabbitMaterial.mat using Guid(885081b44cb8f784b8ed40f7971cb670) Importer(2089858483,b0f066a214c2f5e87bad3c948f4d605d) (ScriptedImporter) -> (artifact id: 'bf7207c5f379cca71549848d3782a26c') in 0.0483454 seconds
Number of updated asset objects reloaded before import = 0Number of asset objects unloaded after import = 3

========================================================================
Received Import Request.
  Time since last request: 45.233864 seconds.
  path: Assets/Textures/Scanner/ScannerMaterial.mat
  artifactKey: Guid(798a91435656dd64096736760e7e4beb) Importer(815301076,1909f56bfc062723c751e8b465ee728b)
Start importing Assets/Textures/Scanner/ScannerMaterial.mat using Guid(798a91435656dd64096736760e7e4beb) Importer(815301076,1909f56bfc062723c751e8b465ee728b) (PreviewImporter) -> (artifact id: 'f104bc8bcdf636c5fdb9b340ccdaec84') in 0.0935246 seconds
Number of updated asset objects reloaded before import = 0Number of asset objects unloaded after import = 1

========================================================================
Received Import Request.
  Time since last request: 0.815628 seconds.
  path: Assets/Textures/Scanner/ScannerMaterial.mat
  artifactKey: Guid(798a91435656dd64096736760e7e4beb) Importer(2089858483,b0f066a214c2f5e87bad3c948f4d605d)
Start importing Assets/Textures/Scanner/ScannerMaterial.mat using Guid(798a91435656dd64096736760e7e4beb) Importer(2089858483,b0f066a214c2f5e87bad3c948f4d605d) (ScriptedImporter) -> (artifact id: '40e0dd6e7951989db8a695021acd0cde') in 0.0406882 seconds
Number of updated asset objects reloaded before import = 0Number of asset objects unloaded after import = 1

========================================================================
Received Import Request.
  Time since last request: 6.963365 seconds.
  path: Assets/Textures/Scanner/T.H.R.E.A.T.Mk2Lo_DefaultMaterial_Normal.png
  artifactKey: Guid(d679c790b1d57cb42879324eb127c73b) Importer(815301076,1909f56bfc062723c751e8b465ee728b)
Start importing Assets/Textures/Scanner/T.H.R.E.A.T.Mk2Lo_DefaultMaterial_Normal.png using Guid(d679c790b1d57cb42879324eb127c73b) Importer(815301076,1909f56bfc062723c751e8b465ee728b) (PreviewImporter) -> (artifact id: '3660ff147e94ec031bace3a656f4dbed') in 0.0559196 seconds
Number of updated asset objects reloaded before import = 0Number of asset objects unloaded after import = 2

========================================================================
Received Import Request.
  Time since last request: 0.897195 seconds.
  path: Assets/Textures/Scanner/T.H.R.E.A.T.Mk2Lo_DefaultMaterial_Normal.png
  artifactKey: Guid(d679c790b1d57cb42879324eb127c73b) Importer(2089858483,b0f066a214c2f5e87bad3c948f4d605d)
Start importing Assets/Textures/Scanner/T.H.R.E.A.T.Mk2Lo_DefaultMaterial_Normal.png using Guid(d679c790b1d57cb42879324eb127c73b) Importer(2089858483,b0f066a214c2f5e87bad3c948f4d605d) (ScriptedImporter) -> (artifact id: 'f997b9d59bd8fd20358d980911e8089e') in 0.0490646 seconds
Number of updated asset objects reloaded before import = 0Number of asset objects unloaded after import = 1

========================================================================
Received Import Request.
  Time since last request: 14.616118 seconds.
  path: Assets/Textures/Scanner/ScannerMaterial.mat
  artifactKey: Guid(798a91435656dd64096736760e7e4beb) Importer(815301076,1909f56bfc062723c751e8b465ee728b)
Start importing Assets/Textures/Scanner/ScannerMaterial.mat using Guid(798a91435656dd64096736760e7e4beb) Importer(815301076,1909f56bfc062723c751e8b465ee728b) (PreviewImporter) -> (artifact id: '07312f084afc427bca70d600d86b3c5e') in 0.2358725 seconds
Number of updated asset objects reloaded before import = 0Number of asset objects unloaded after import = 4

========================================================================
Received Import Request.
  Time since last request: 0.705276 seconds.
  path: Assets/Textures/Scanner/ScannerMaterial.mat
  artifactKey: Guid(798a91435656dd64096736760e7e4beb) Importer(2089858483,b0f066a214c2f5e87bad3c948f4d605d)
Start importing Assets/Textures/Scanner/ScannerMaterial.mat using Guid(798a91435656dd64096736760e7e4beb) Importer(2089858483,b0f066a214c2f5e87bad3c948f4d605d) (ScriptedImporter) -> (artifact id: '471f8d6daf41dbb7606788672e7553f0') in 0.0503321 seconds
Number of updated asset objects reloaded before import = 0Number of asset objects unloaded after import = 4

========================================================================
Received Import Request.
  Time since last request: 75.147068 seconds.
  path: Assets/Objects/PaperStacks1-GM.fbx
  artifactKey: Guid(9c680baa484d6d041b8a49fb5de0cb19) Importer(815301076,1909f56bfc062723c751e8b465ee728b)
Start importing Assets/Objects/PaperStacks1-GM.fbx using Guid(9c680baa484d6d041b8a49fb5de0cb19) Importer(815301076,1909f56bfc062723c751e8b465ee728b) (PreviewImporter) -> (artifact id: 'f57004876ec8b106dbf8e013bdeb6108') in 0.0588557 seconds
Number of updated asset objects reloaded before import = 0Number of asset objects unloaded after import = 9

========================================================================
Received Import Request.
  Time since last request: 0.902948 seconds.
  path: Assets/Textures/PaperStack
  artifactKey: Guid(9dc8bc32e042d724dbabe47d253f25da) Importer(2089858483,b0f066a214c2f5e87bad3c948f4d605d)
Start importing Assets/Textures/PaperStack using Guid(9dc8bc32e042d724dbabe47d253f25da) Importer(2089858483,b0f066a214c2f5e87bad3c948f4d605d) (ScriptedImporter) -> (artifact id: '25d884d19ea52b0edd961fd82ce43c8c') in 0.0444441 seconds
Number of updated asset objects reloaded before import = 0Number of asset objects unloaded after import = 1

========================================================================
Received Import Request.
  Time since last request: 39.538456 seconds.
  path: Assets/Objects/PaperStacks1-GM.fbx
  artifactKey: Guid(9c680baa484d6d041b8a49fb5de0cb19) Importer(815301076,1909f56bfc062723c751e8b465ee728b)
Start importing Assets/Objects/PaperStacks1-GM.fbx using Guid(9c680baa484d6d041b8a49fb5de0cb19) Importer(815301076,1909f56bfc062723c751e8b465ee728b) (PreviewImporter) -> (artifact id: '3a0ba3590723bc0fc1e6280e3a13a54b') in 0.0611429 seconds
Number of updated asset objects reloaded before import = 0Number of asset objects unloaded after import = 9

========================================================================
Received Import Request.
  Time since last request: 0.891770 seconds.
  path: Assets/Objects/PaperStacks1-GM.fbx
  artifactKey: Guid(9c680baa484d6d041b8a49fb5de0cb19) Importer(2089858483,b0f066a214c2f5e87bad3c948f4d605d)
Start importing Assets/Objects/PaperStacks1-GM.fbx using Guid(9c680baa484d6d041b8a49fb5de0cb19) Importer(2089858483,b0f066a214c2f5e87bad3c948f4d605d) (ScriptedImporter) -> (artifact id: 'b75ed7b27dc7c85ed34b135d2c17782e') in 0.1454857 seconds
Number of updated asset objects reloaded before import = 0Number of asset objects unloaded after import = 9

========================================================================
Received Import Request.
  Time since last request: 92.501904 seconds.
  path: Assets/Objects/Spade1-GM.fbx
  artifactKey: Guid(8e83605df3e337946beb412dac8b1835) Importer(815301076,1909f56bfc062723c751e8b465ee728b)
Start importing Assets/Objects/Spade1-GM.fbx using Guid(8e83605df3e337946beb412dac8b1835) Importer(815301076,1909f56bfc062723c751e8b465ee728b) (PreviewImporter) -> (artifact id: 'ecf2ec57c04e1575ad88f70bc443002a') in 0.1452481 seconds
Number of updated asset objects reloaded before import = 0Number of asset objects unloaded after import = 13

========================================================================
Received Import Request.
  Time since last request: 0.789207 seconds.
  path: Assets/Textures/Spade
  artifactKey: Guid(5a3b8db91eee3e24598b867791ca0474) Importer(2089858483,b0f066a214c2f5e87bad3c948f4d605d)
Start importing Assets/Textures/Spade using Guid(5a3b8db91eee3e24598b867791ca0474) Importer(2089858483,b0f066a214c2f5e87bad3c948f4d605d) (ScriptedImporter) -> (artifact id: '308b26d244273d667f020afd9950bc9f') in 0.02115 seconds
Number of updated asset objects reloaded before import = 0Number of asset objects unloaded after import = 1

========================================================================
Received Import Request.
  Time since last request: 0.000020 seconds.
  path: Assets/Textures/Spade/Material_Albedo.tga
  artifactKey: Guid(929600e3f3b1ad04cae9d3a11f0cbd3a) Importer(2089858483,b0f066a214c2f5e87bad3c948f4d605d)
Start importing Assets/Textures/Spade/Material_Albedo.tga using Guid(929600e3f3b1ad04cae9d3a11f0cbd3a) Importer(2089858483,b0f066a214c2f5e87bad3c948f4d605d) (ScriptedImporter) -> (artifact id: 'e682697f6b9133edee66f0f2df624d30') in 0.0329574 seconds
Number of updated asset objects reloaded before import = 0Number of asset objects unloaded after import = 1

========================================================================
Received Import Request.
  Time since last request: 0.000038 seconds.
  path: Assets/Textures/Spade/Material.003_Normal.tga
  artifactKey: Guid(13cc7dc74041d1148b4bbd54686c7431) Importer(2089858483,b0f066a214c2f5e87bad3c948f4d605d)
Start importing Assets/Textures/Spade/Material.003_Normal.tga using Guid(13cc7dc74041d1148b4bbd54686c7431) Importer(2089858483,b0f066a214c2f5e87bad3c948f4d605d) (ScriptedImporter) -> (artifact id: '99efa99894140d554f170bef7e810db0') in 0.0603465 seconds
Number of updated asset objects reloaded before import = 0Number of asset objects unloaded after import = 1

========================================================================
Received Import Request.
  Time since last request: 0.001211 seconds.
  path: Assets/Textures/Spade/Material.003_Metallic.tga
  artifactKey: Guid(9eab35cdf95be574b8f7370da3be7d86) Importer(2089858483,b0f066a214c2f5e87bad3c948f4d605d)
Start importing Assets/Textures/Spade/Material.003_Metallic.tga using Guid(9eab35cdf95be574b8f7370da3be7d86) Importer(2089858483,b0f066a214c2f5e87bad3c948f4d605d) (ScriptedImporter) -> (artifact id: '86c8f97799271367d8cd89e181083b0f') in 0.049364 seconds
Number of updated asset objects reloaded before import = 0Number of asset objects unloaded after import = 1

========================================================================
Received Import Request.
  Time since last request: 0.000150 seconds.
  path: Assets/Textures/Spade/Material.003_Albedo.tga
  artifactKey: Guid(19a6ff0fdb6488d4c992d54f9a8c2795) Importer(2089858483,b0f066a214c2f5e87bad3c948f4d605d)
Start importing Assets/Textures/Spade/Material.003_Albedo.tga using Guid(19a6ff0fdb6488d4c992d54f9a8c2795) Importer(2089858483,b0f066a214c2f5e87bad3c948f4d605d) (ScriptedImporter) -> (artifact id: '317f74c858c431af6c76d2eea4721c42') in 0.0425934 seconds
Number of updated asset objects reloaded before import = 0Number of asset objects unloaded after import = 1

========================================================================
Received Import Request.
  Time since last request: 0.000261 seconds.
  path: Assets/Textures/Spade/Material_Metallic.tga
  artifactKey: Guid(e4794fb680be3b9499bab8a755adf052) Importer(2089858483,b0f066a214c2f5e87bad3c948f4d605d)
Start importing Assets/Textures/Spade/Material_Metallic.tga using Guid(e4794fb680be3b9499bab8a755adf052) Importer(2089858483,b0f066a214c2f5e87bad3c948f4d605d) (ScriptedImporter) -> (artifact id: '65f4fba0a907572b899a850ff979f0ff') in 0.0524988 seconds
Number of updated asset objects reloaded before import = 0Number of asset objects unloaded after import = 1

========================================================================
Received Import Request.
  Time since last request: 16.274423 seconds.
  path: Assets/Objects/Spade1-GM.fbx
  artifactKey: Guid(8e83605df3e337946beb412dac8b1835) Importer(815301076,1909f56bfc062723c751e8b465ee728b)
Start importing Assets/Objects/Spade1-GM.fbx using Guid(8e83605df3e337946beb412dac8b1835) Importer(815301076,1909f56bfc062723c751e8b465ee728b) (PreviewImporter) -> (artifact id: '0c23722fa29c474bd4924db2af1f9280') in 0.0523859 seconds
Number of updated asset objects reloaded before import = 0Number of asset objects unloaded after import = 13

========================================================================
Received Import Request.
  Time since last request: 0.900874 seconds.
  path: Assets/Textures/Spade/Material.003.mat
  artifactKey: Guid(c8e251ef56512904093ddd5ec8c548d4) Importer(2089858483,b0f066a214c2f5e87bad3c948f4d605d)
Start importing Assets/Textures/Spade/Material.003.mat using Guid(c8e251ef56512904093ddd5ec8c548d4) Importer(2089858483,b0f066a214c2f5e87bad3c948f4d605d) (ScriptedImporter) -> (artifact id: 'f4387526189547d88f9eddb8bbd5037b') in 0.0459667 seconds
Number of updated asset objects reloaded before import = 0Number of asset objects unloaded after import = 3

========================================================================
Received Import Request.
  Time since last request: 20.351343 seconds.
  path: Assets/Objects/Fork1-GM.fbx
  artifactKey: Guid(fd942374298bffc40a0b9d2f6abf4f6e) Importer(815301076,1909f56bfc062723c751e8b465ee728b)
Start importing Assets/Objects/Fork1-GM.fbx using Guid(fd942374298bffc40a0b9d2f6abf4f6e) Importer(815301076,1909f56bfc062723c751e8b465ee728b) (PreviewImporter) -> (artifact id: 'ff0dc085bbb3c77bed1fe2a5cc719069') in 0.1351653 seconds
Number of updated asset objects reloaded before import = 0Number of asset objects unloaded after import = 13

========================================================================
Received Import Request.
  Time since last request: 0.806927 seconds.
  path: Assets/Textures/Fork
  artifactKey: Guid(3ce3b2a8d6266cf4abbf07bac843fc51) Importer(2089858483,b0f066a214c2f5e87bad3c948f4d605d)
Start importing Assets/Textures/Fork using Guid(3ce3b2a8d6266cf4abbf07bac843fc51) Importer(2089858483,b0f066a214c2f5e87bad3c948f4d605d) (ScriptedImporter) -> (artifact id: '76e67a1b8dddf21b8369e6040df97407') in 0.048196 seconds
Number of updated asset objects reloaded before import = 0Number of asset objects unloaded after import = 1

========================================================================
Received Import Request.
  Time since last request: 0.000071 seconds.
  path: Assets/Textures/Fork/Material.003_Albedo.tga
  artifactKey: Guid(84921651e98ec7a408cc3030428b193c) Importer(2089858483,b0f066a214c2f5e87bad3c948f4d605d)
Start importing Assets/Textures/Fork/Material.003_Albedo.tga using Guid(84921651e98ec7a408cc3030428b193c) Importer(2089858483,b0f066a214c2f5e87bad3c948f4d605d) (ScriptedImporter) -> (artifact id: 'e7dd01757fe2c2baaf328a9207d839c7') in 0.0544515 seconds
Number of updated asset objects reloaded before import = 0Number of asset objects unloaded after import = 1

========================================================================
Received Import Request.
  Time since last request: 0.000258 seconds.
  path: Assets/Textures/Fork/Material_Albedo.tga
  artifactKey: Guid(e66e8189c592ad0419b970809710767f) Importer(2089858483,b0f066a214c2f5e87bad3c948f4d605d)
Start importing Assets/Textures/Fork/Material_Albedo.tga using Guid(e66e8189c592ad0419b970809710767f) Importer(2089858483,b0f066a214c2f5e87bad3c948f4d605d) (ScriptedImporter) -> (artifact id: '1d8e6f326e7e91990aa3fed9c832af30') in 0.0792787 seconds
Number of updated asset objects reloaded before import = 0Number of asset objects unloaded after import = 1

========================================================================
Received Import Request.
  Time since last request: 0.000577 seconds.
  path: Assets/Textures/Fork/Material.003_Metallic.tga
  artifactKey: Guid(034dcae9888c81b4cafaea891ebaee97) Importer(2089858483,b0f066a214c2f5e87bad3c948f4d605d)
Start importing Assets/Textures/Fork/Material.003_Metallic.tga using Guid(034dcae9888c81b4cafaea891ebaee97) Importer(2089858483,b0f066a214c2f5e87bad3c948f4d605d) (ScriptedImporter) -> (artifact id: 'b8731b6ca36a6d5e8b61b7b019535afa') in 0.0567527 seconds
Number of updated asset objects reloaded before import = 0Number of asset objects unloaded after import = 1

========================================================================
Received Import Request.
  Time since last request: 15.059298 seconds.
  path: Assets/Objects/Fork1-GM.fbx
  artifactKey: Guid(fd942374298bffc40a0b9d2f6abf4f6e) Importer(815301076,1909f56bfc062723c751e8b465ee728b)
Start importing Assets/Objects/Fork1-GM.fbx using Guid(fd942374298bffc40a0b9d2f6abf4f6e) Importer(815301076,1909f56bfc062723c751e8b465ee728b) (PreviewImporter) -> (artifact id: '3cb599179fae2c7d578c8ede230111ba') in 0.1198027 seconds
Number of updated asset objects reloaded before import = 0Number of asset objects unloaded after import = 13

========================================================================
Received Import Request.
  Time since last request: 0.835658 seconds.
  path: Assets/Objects/Fork1-GM.fbx
  artifactKey: Guid(fd942374298bffc40a0b9d2f6abf4f6e) Importer(2089858483,b0f066a214c2f5e87bad3c948f4d605d)
Start importing Assets/Objects/Fork1-GM.fbx using Guid(fd942374298bffc40a0b9d2f6abf4f6e) Importer(2089858483,b0f066a214c2f5e87bad3c948f4d605d) (ScriptedImporter) -> (artifact id: 'c39047cd6e38f3459e697d7e5145089b') in 0.0978636 seconds
Number of updated asset objects reloaded before import = 0Number of asset objects unloaded after import = 9

